{"status":false,"message":"authorization failed"}
