{"status":false,"message":"invalid basic credentials"}
