{"status":false,"message":"type:please provide a valid strategy type"}
