{"status":false,"message":"hash:unsupported hash type"}
