{"status":false,"message":"failed to create group"}
