{"status":false,"message":"header:please provide a valid signature header"}
