{"status":false,"message":"name:please provide a valid name"}
