{"status":false,"message":"type:unsupported strategy type"}
