{"status":false,"message":"retryLimit:please provide a valid interval seconds"}
