{"status":true,"message":"0 successful, 3 failed","data":null}
