{"status":false,"message":"an error occurred while fetching Groups"}
