{"status":false,"message":"endpoint is being re-activated"}
