{"status":false,"message":"event is already being sent"}
