{"status":true,"message":"api key fetched successfully","data":{"uid":"12345","name":"","role":{"type":"","groups":null},"key_type":""}}
