{"status":true,"message":"1 successful, 1 failed","data":null}
