{"status":true,"message":"api keys fetched successfully","data":{"content":[{"uid":"12345","name":"","role":{"type":"","groups":null},"key_type":""}],"pagination":{"total":0,"page":0,"perPage":100,"prev":0,"next":0,"totalPage":0}}}
