{"status":false,"message":"app does not belong to group"}
