{"status":false,"message":"please specify a startDate in the format 2006-01-02T15:04:05"}
