{"status":false,"message":"please specify a startDate query"}
