{"status":false,"message":"application not found"}
