{"status":true,"message":"App event processed for retry successfully","data":{"uid":"2134453454","event_metadata":{"uid":"1122333444456","name":""},"endpoint":{"uid":"","target_url":"http://localhost","status":"active","secret":"","sent":false},"app_metadata":{"uid":"12345","title":"","group_id":"","support_email":""},"metadata":null,"status":"Scheduled"}}
