{"status":true,"message":"Group updated successfully","data":{"uid":"1234567890","name":"ABC_DEF_TEST_UPDATE","logo_url":"","config":{"strategy":{"type":"default","default":{"intervalSeconds":10,"retryLimit":3}},"signature":{"header":"X-Company-Signature","hash":"SHA1"},"disable_endpoint":false},"statistics":null}}
