{"status":false,"message":"failed to fetch group by id"}
