{"status":false,"message":"failed to count group statistics"}
