{"status":true,"message":"Group fetched successfully","data":{"uid":"1234567890","name":"sendcash-pay","logo_url":"","config":null,"statistics":{"messages_sent":1,"total_apps":1},"rate_limit":0,"rate_limit_duration":""}}
