{"status":false,"message":"cannot use localhost or 127.0.0.1"}
