{"status":false,"message":"failed to revoke api key"}
