{"status":true,"message":"1 successful, 0 failed","data":null}
