{"status":true,"message":"0 successful, 1 failed","data":null}
