{"uid":"","group_id":"1234567890","name":"ABC_DEF_TEST","support_email":"","slack_webhook_url":"https://google.com","is_disabled":false,"endpoints":[],"events":0}