{"status":true,"message":"Auth details fetched successfully","data":{"type":"basic","basic":{"username":"test","password":"test"}}}
