{"status":false,"message":"an application with this name exists: ABC_DEF_TEST_UPDATE"}
