{"status":true,"message":"App updated successfully","data":{"uid":"12345","group_id":"1234567890","name":"ABC_DEF_TEST_UPDATE","support_email":"","is_disabled":false,"endpoints":[],"events":0}}
