{"status":false,"message":"an error occurred while deleting app"}
