{"status":false,"message":"cannot resend event that did not fail previously"}
