{"status":true,"message":"2 successful, 1 failed","data":null}
