{"status":false,"message":"an error occurred while updating Group"}
