{"status":true,"message":"App endpoint deleted successfully","data":null}
