{"status":true,"message":"Dashboard summary fetched successfully","data":{"events_sent":2,"apps":1,"period":"yearly","event_data":[{"data":{"index":0,"date":"1992"},"count":0},{"data":{"index":0,"date":"1993"},"count":0},{"data":{"index":0,"date":"1994"},"count":0},{"data":{"index":0,"date":"1995"},"count":0},{"data":{"index":0,"date":"1996"},"count":0},{"data":{"index":0,"date":"1997"},"count":0},{"data":{"index":0,"date":"1998"},"count":0},{"data":{"index":0,"date":"1999"},"count":0},{"data":{"index":0,"date":"2000"},"count":0},{"data":{"index":0,"date":"2001"},"count":0},{"data":{"index":0,"date":"2002"},"count":0},{"data":{"index":0,"date":"2003"},"count":0},{"data":{"index":0,"date":"2004"},"count":0},{"data":{"index":0,"date":"2005"},"count":0},{"data":{"index":0,"date":"2006"},"count":0},{"data":{"index":0,"date":"2007"},"count":0},{"data":{"index":0,"date":"2008"},"count":0},{"data":{"index":0,"date":"2009"},"count":0},{"data":{"index":0,"date":"2010"},"count":0},{"data":{"index":0,"date":"2011"},"count":0},{"data":{"index":0,"date":"2012"},"count":0},{"data":{"index":0,"date":"2013"},"count":0},{"data":{"index":0,"date":"2014"},"count":0},{"data":{"index":0,"date":"2015"},"count":0},{"data":{"index":0,"date":"2016"},"count":0},{"data":{"index":0,"date":"2017"},"count":0},{"data":{"index":0,"date":"2018"},"count":0},{"data":{"index":0,"date":"2019"},"count":0},{"data":{"index":0,"date":"2020"},"count":0},{"data":{"index":2021,"date":"2021"},"count":2}]}}
