{"status":true,"message":"Dashboard summary fetched successfully","data":{"events_sent":6,"apps":1,"period":"monthly","event_data":[{"data":{"index":1,"date":"2021-01"},"count":2},{"data":{"index":3,"date":"2022-03"},"count":4}]}}
