{"uid":"","name":"","role":{"type":"ui_admin","groups":["1234567890"],"apps":["123456"]},"key_type":"app_portal"}