{"status":false,"message":"time: missing unit in duration \"1\""}
