{"status":true,"message":"api key updated successfully","data":{"uid":"12345","name":"","role":{"type":"admin","groups":["sendcash-pay"]},"key_type":""}}
